// Jest Snapshot v1, https://goo.gl/fbAQLP

exports[`Counter Component Should math with the snapshot 1`] = `
<h2>Counter</h2>
<p>100 <sup>2</sup> = 10000</p>
<p data-testid="counter">100</p>
<div class="buttons"><button data-testid="btn-increase">+1</button><button data-testid="btn-decrease">-1</button></div>
`;
