// Jest Snapshot v1, https://goo.gl/fbAQLP

exports[`HomePage Component Should match with the snapshot 1`] = `
<div>
  <h1>Espere por favor</h1>
</div>
`;

exports[`HomePage Component Should match with the snapshot when the pokemons are loaded 1`] = `
<div>
  <h1>¿Quién es este pokemón?</h1>
  <pokemon-picture-stub pokemonid="1" showpokemon="false"></pokemon-picture-stub>
  <pokemon-options-stub pokemons="[object Object],[object Object],[object Object],[object Object]"></pokemon-options-stub>
  <!--v-if-->
</div>
`;
